INFO 2025-12-02 02:36:48,150 autoreload 132600 115484 Watching for file changes with StatReloader
INFO 2025-12-02 02:36:48,150 autoreload 132600 115484 Watching for file changes with StatReloader
INFO 2025-12-02 02:37:35,482 autoreload 132600 115484 C:\Users\днс\PycharmProjects\MailinglistManagementService\mailings\models.py changed, reloading.
INFO 2025-12-02 02:37:35,482 autoreload 132600 115484 C:\Users\днс\PycharmProjects\MailinglistManagementService\mailings\models.py changed, reloading.
INFO 2025-12-02 02:37:37,005 autoreload 131284 132500 Watching for file changes with StatReloader
INFO 2025-12-02 02:37:37,005 autoreload 131284 132500 Watching for file changes with StatReloader
WARNING 2025-12-02 02:37:40,092 log 131284 128944 Not Found: /
WARNING 2025-12-02 02:37:40,092 log 131284 128944 Not Found: /
WARNING 2025-12-02 02:37:40,093 basehttp 131284 128944 "GET / HTTP/1.1" 404 2458
WARNING 2025-12-02 02:37:40,093 basehttp 131284 128944 "GET / HTTP/1.1" 404 2458
INFO 2025-12-02 02:37:52,529 basehttp 131284 129296 "GET /mailings/recipients/ HTTP/1.1" 200 1893
INFO 2025-12-02 02:37:52,529 basehttp 131284 129296 "GET /mailings/recipients/ HTTP/1.1" 200 1893
INFO 2025-12-02 02:38:01,657 basehttp 131284 129416 "GET /mailings/mailing/create/ HTTP/1.1" 200 2590
INFO 2025-12-02 02:38:01,657 basehttp 131284 129416 "GET /mailings/mailing/create/ HTTP/1.1" 200 2590
INFO 2025-12-02 02:38:08,050 basehttp 131284 118060 "GET /mailings/mailings/ HTTP/1.1" 200 8540
INFO 2025-12-02 02:38:08,050 basehttp 131284 118060 "GET /mailings/mailings/ HTTP/1.1" 200 8540
INFO 2025-12-02 02:38:10,625 basehttp 131284 131104 "GET /mailings/mailing/10/ HTTP/1.1" 200 2286
INFO 2025-12-02 02:38:10,625 basehttp 131284 131104 "GET /mailings/mailing/10/ HTTP/1.1" 200 2286
WARNING 2025-12-02 03:09:50,943 log 131284 132316 Not Found: /.well-known/appspecific/com.chrome.devtools.json
WARNING 2025-12-02 03:09:50,943 log 131284 132316 Not Found: /.well-known/appspecific/com.chrome.devtools.json
WARNING 2025-12-02 03:09:50,961 basehttp 131284 132316 "GET /.well-known/appspecific/com.chrome.devtools.json HTTP/1.1" 404 2620
WARNING 2025-12-02 03:09:50,961 basehttp 131284 132316 "GET /.well-known/appspecific/com.chrome.devtools.json HTTP/1.1" 404 2620
WARNING 2025-12-02 03:18:16,320 log 131284 132820 Not Found: /.well-known/appspecific/com.chrome.devtools.json
WARNING 2025-12-02 03:18:16,320 log 131284 132820 Not Found: /.well-known/appspecific/com.chrome.devtools.json
WARNING 2025-12-02 03:18:16,340 basehttp 131284 132820 "GET /.well-known/appspecific/com.chrome.devtools.json HTTP/1.1" 404 2620
WARNING 2025-12-02 03:18:16,340 basehttp 131284 132820 "GET /.well-known/appspecific/com.chrome.devtools.json HTTP/1.1" 404 2620
ERROR 2025-12-02 03:18:21,445 log 131284 117304 Internal Server Error: /mailings/mailing/10/
Traceback (most recent call last):
  File "C:\Users\poetry\virtualenvs\mailinglistmanagementservice-ZV7-JGul-py3.13\Lib\site-packages\django\core\handlers\exception.py", line 55, in inner
    response = get_response(request)
  File "C:\Users\poetry\virtualenvs\mailinglistmanagementservice-ZV7-JGul-py3.13\Lib\site-packages\django\core\handlers\base.py", line 220, in _get_response
    response = response.render()
  File "C:\Users\poetry\virtualenvs\mailinglistmanagementservice-ZV7-JGul-py3.13\Lib\site-packages\django\template\response.py", line 114, in render
    self.content = self.rendered_content
                   ^^^^^^^^^^^^^^^^^^^^^
  File "C:\Users\poetry\virtualenvs\mailinglistmanagementservice-ZV7-JGul-py3.13\Lib\site-packages\django\template\response.py", line 90, in rendered_content
    template = self.resolve_template(self.template_name)
  File "C:\Users\poetry\virtualenvs\mailinglistmanagementservice-ZV7-JGul-py3.13\Lib\site-packages\django\template\response.py", line 72, in resolve_template
    return select_template(template, using=self.using)
  File "C:\Users\poetry\virtualenvs\mailinglistmanagementservice-ZV7-JGul-py3.13\Lib\site-packages\django\template\loader.py", line 42, in select_template
    return engine.get_template(template_name)
           ~~~~~~~~~~~~~~~~~~~^^^^^^^^^^^^^^^
  File "C:\Users\poetry\virtualenvs\mailinglistmanagementservice-ZV7-JGul-py3.13\Lib\site-packages\django\template\backends\django.py", line 79, in get_template
    return Template(self.engine.get_template(template_name), self)
                    ~~~~~~~~~~~~~~~~~~~~~~~~^^^^^^^^^^^^^^^
  File "C:\Users\poetry\virtualenvs\mailinglistmanagementservice-ZV7-JGul-py3.13\Lib\site-packages\django\template\engine.py", line 177, in get_template
    template, origin = self.find_template(template_name)
                       ~~~~~~~~~~~~~~~~~~^^^^^^^^^^^^^^^
  File "C:\Users\poetry\virtualenvs\mailinglistmanagementservice-ZV7-JGul-py3.13\Lib\site-packages\django\template\engine.py", line 159, in find_template
    template = loader.get_template(name, skip=skip)
  File "C:\Users\poetry\virtualenvs\mailinglistmanagementservice-ZV7-JGul-py3.13\Lib\site-packages\django\template\loaders\cached.py", line 57, in get_template
    template = super().get_template(template_name, skip)
  File "C:\Users\poetry\virtualenvs\mailinglistmanagementservice-ZV7-JGul-py3.13\Lib\site-packages\django\template\loaders\base.py", line 28, in get_template
    return Template(
        contents,
    ...<2 lines>...
        self.engine,
    )
  File "C:\Users\poetry\virtualenvs\mailinglistmanagementservice-ZV7-JGul-py3.13\Lib\site-packages\django\template\base.py", line 154, in __init__
    self.nodelist = self.compile_nodelist()
                    ~~~~~~~~~~~~~~~~~~~~~^^
  File "C:\Users\poetry\virtualenvs\mailinglistmanagementservice-ZV7-JGul-py3.13\Lib\site-packages\django\template\base.py", line 196, in compile_nodelist
    nodelist = parser.parse()
  File "C:\Users\poetry\virtualenvs\mailinglistmanagementservice-ZV7-JGul-py3.13\Lib\site-packages\django\template\base.py", line 518, in parse
    raise self.error(token, e)
  File "C:\Users\poetry\virtualenvs\mailinglistmanagementservice-ZV7-JGul-py3.13\Lib\site-packages\django\template\base.py", line 516, in parse
    compiled_result = compile_func(self, token)
  File "C:\Users\poetry\virtualenvs\mailinglistmanagementservice-ZV7-JGul-py3.13\Lib\site-packages\django\template\loader_tags.py", line 234, in do_block
    nodelist = parser.parse(("endblock",))
  File "C:\Users\poetry\virtualenvs\mailinglistmanagementservice-ZV7-JGul-py3.13\Lib\site-packages\django\template\base.py", line 518, in parse
    raise self.error(token, e)
  File "C:\Users\poetry\virtualenvs\mailinglistmanagementservice-ZV7-JGul-py3.13\Lib\site-packages\django\template\base.py", line 516, in parse
    compiled_result = compile_func(self, token)
  File "C:\Users\poetry\virtualenvs\mailinglistmanagementservice-ZV7-JGul-py3.13\Lib\site-packages\django\template\defaulttags.py", line 1438, in url
    args.append(parser.compile_filter(value))
                ~~~~~~~~~~~~~~~~~~~~~^^^^^^^
  File "C:\Users\poetry\virtualenvs\mailinglistmanagementservice-ZV7-JGul-py3.13\Lib\site-packages\django\template\base.py", line 609, in compile_filter
    return FilterExpression(token, self)
  File "C:\Users\poetry\virtualenvs\mailinglistmanagementservice-ZV7-JGul-py3.13\Lib\site-packages\django\template\base.py", line 710, in __init__
    raise TemplateSyntaxError(
    ...<2 lines>...
    )
django.template.exceptions.TemplateSyntaxError: Could not parse the remainder: '%' from '%'
ERROR 2025-12-02 03:18:21,445 log 131284 117304 Internal Server Error: /mailings/mailing/10/
Traceback (most recent call last):
  File "C:\Users\poetry\virtualenvs\mailinglistmanagementservice-ZV7-JGul-py3.13\Lib\site-packages\django\core\handlers\exception.py", line 55, in inner
    response = get_response(request)
  File "C:\Users\poetry\virtualenvs\mailinglistmanagementservice-ZV7-JGul-py3.13\Lib\site-packages\django\core\handlers\base.py", line 220, in _get_response
    response = response.render()
  File "C:\Users\poetry\virtualenvs\mailinglistmanagementservice-ZV7-JGul-py3.13\Lib\site-packages\django\template\response.py", line 114, in render
    self.content = self.rendered_content
                   ^^^^^^^^^^^^^^^^^^^^^
  File "C:\Users\poetry\virtualenvs\mailinglistmanagementservice-ZV7-JGul-py3.13\Lib\site-packages\django\template\response.py", line 90, in rendered_content
    template = self.resolve_template(self.template_name)
  File "C:\Users\poetry\virtualenvs\mailinglistmanagementservice-ZV7-JGul-py3.13\Lib\site-packages\django\template\response.py", line 72, in resolve_template
    return select_template(template, using=self.using)
  File "C:\Users\poetry\virtualenvs\mailinglistmanagementservice-ZV7-JGul-py3.13\Lib\site-packages\django\template\loader.py", line 42, in select_template
    return engine.get_template(template_name)
           ~~~~~~~~~~~~~~~~~~~^^^^^^^^^^^^^^^
  File "C:\Users\poetry\virtualenvs\mailinglistmanagementservice-ZV7-JGul-py3.13\Lib\site-packages\django\template\backends\django.py", line 79, in get_template
    return Template(self.engine.get_template(template_name), self)
                    ~~~~~~~~~~~~~~~~~~~~~~~~^^^^^^^^^^^^^^^
  File "C:\Users\poetry\virtualenvs\mailinglistmanagementservice-ZV7-JGul-py3.13\Lib\site-packages\django\template\engine.py", line 177, in get_template
    template, origin = self.find_template(template_name)
                       ~~~~~~~~~~~~~~~~~~^^^^^^^^^^^^^^^
  File "C:\Users\poetry\virtualenvs\mailinglistmanagementservice-ZV7-JGul-py3.13\Lib\site-packages\django\template\engine.py", line 159, in find_template
    template = loader.get_template(name, skip=skip)
  File "C:\Users\poetry\virtualenvs\mailinglistmanagementservice-ZV7-JGul-py3.13\Lib\site-packages\django\template\loaders\cached.py", line 57, in get_template
    template = super().get_template(template_name, skip)
  File "C:\Users\poetry\virtualenvs\mailinglistmanagementservice-ZV7-JGul-py3.13\Lib\site-packages\django\template\loaders\base.py", line 28, in get_template
    return Template(
        contents,
    ...<2 lines>...
        self.engine,
    )
  File "C:\Users\poetry\virtualenvs\mailinglistmanagementservice-ZV7-JGul-py3.13\Lib\site-packages\django\template\base.py", line 154, in __init__
    self.nodelist = self.compile_nodelist()
                    ~~~~~~~~~~~~~~~~~~~~~^^
  File "C:\Users\poetry\virtualenvs\mailinglistmanagementservice-ZV7-JGul-py3.13\Lib\site-packages\django\template\base.py", line 196, in compile_nodelist
    nodelist = parser.parse()
  File "C:\Users\poetry\virtualenvs\mailinglistmanagementservice-ZV7-JGul-py3.13\Lib\site-packages\django\template\base.py", line 518, in parse
    raise self.error(token, e)
  File "C:\Users\poetry\virtualenvs\mailinglistmanagementservice-ZV7-JGul-py3.13\Lib\site-packages\django\template\base.py", line 516, in parse
    compiled_result = compile_func(self, token)
  File "C:\Users\poetry\virtualenvs\mailinglistmanagementservice-ZV7-JGul-py3.13\Lib\site-packages\django\template\loader_tags.py", line 234, in do_block
    nodelist = parser.parse(("endblock",))
  File "C:\Users\poetry\virtualenvs\mailinglistmanagementservice-ZV7-JGul-py3.13\Lib\site-packages\django\template\base.py", line 518, in parse
    raise self.error(token, e)
  File "C:\Users\poetry\virtualenvs\mailinglistmanagementservice-ZV7-JGul-py3.13\Lib\site-packages\django\template\base.py", line 516, in parse
    compiled_result = compile_func(self, token)
  File "C:\Users\poetry\virtualenvs\mailinglistmanagementservice-ZV7-JGul-py3.13\Lib\site-packages\django\template\defaulttags.py", line 1438, in url
    args.append(parser.compile_filter(value))
                ~~~~~~~~~~~~~~~~~~~~~^^^^^^^
  File "C:\Users\poetry\virtualenvs\mailinglistmanagementservice-ZV7-JGul-py3.13\Lib\site-packages\django\template\base.py", line 609, in compile_filter
    return FilterExpression(token, self)
  File "C:\Users\poetry\virtualenvs\mailinglistmanagementservice-ZV7-JGul-py3.13\Lib\site-packages\django\template\base.py", line 710, in __init__
    raise TemplateSyntaxError(
    ...<2 lines>...
    )
django.template.exceptions.TemplateSyntaxError: Could not parse the remainder: '%' from '%'
ERROR 2025-12-02 03:18:21,622 basehttp 131284 117304 "GET /mailings/mailing/10/ HTTP/1.1" 500 186656
ERROR 2025-12-02 03:18:21,622 basehttp 131284 117304 "GET /mailings/mailing/10/ HTTP/1.1" 500 186656
ERROR 2025-12-02 03:18:53,196 log 131284 132324 Internal Server Error: /mailings/mailing/10/
Traceback (most recent call last):
  File "C:\Users\poetry\virtualenvs\mailinglistmanagementservice-ZV7-JGul-py3.13\Lib\site-packages\django\core\handlers\exception.py", line 55, in inner
    response = get_response(request)
  File "C:\Users\poetry\virtualenvs\mailinglistmanagementservice-ZV7-JGul-py3.13\Lib\site-packages\django\core\handlers\base.py", line 220, in _get_response
    response = response.render()
  File "C:\Users\poetry\virtualenvs\mailinglistmanagementservice-ZV7-JGul-py3.13\Lib\site-packages\django\template\response.py", line 114, in render
    self.content = self.rendered_content
                   ^^^^^^^^^^^^^^^^^^^^^
  File "C:\Users\poetry\virtualenvs\mailinglistmanagementservice-ZV7-JGul-py3.13\Lib\site-packages\django\template\response.py", line 92, in rendered_content
    return template.render(context, self._request)
           ~~~~~~~~~~~~~~~^^^^^^^^^^^^^^^^^^^^^^^^
  File "C:\Users\poetry\virtualenvs\mailinglistmanagementservice-ZV7-JGul-py3.13\Lib\site-packages\django\template\backends\django.py", line 107, in render
    return self.template.render(context)
           ~~~~~~~~~~~~~~~~~~~~^^^^^^^^^
  File "C:\Users\poetry\virtualenvs\mailinglistmanagementservice-ZV7-JGul-py3.13\Lib\site-packages\django\template\base.py", line 171, in render
    return self._render(context)
           ~~~~~~~~~~~~^^^^^^^^^
  File "C:\Users\poetry\virtualenvs\mailinglistmanagementservice-ZV7-JGul-py3.13\Lib\site-packages\django\template\base.py", line 163, in _render
    return self.nodelist.render(context)
           ~~~~~~~~~~~~~~~~~~~~^^^^^^^^^
  File "C:\Users\poetry\virtualenvs\mailinglistmanagementservice-ZV7-JGul-py3.13\Lib\site-packages\django\template\base.py", line 1016, in render
    return SafeString("".join([node.render_annotated(context) for node in self]))
                               ~~~~~~~~~~~~~~~~~~~~~^^^^^^^^^
  File "C:\Users\poetry\virtualenvs\mailinglistmanagementservice-ZV7-JGul-py3.13\Lib\site-packages\django\template\base.py", line 977, in render_annotated
    return self.render(context)
           ~~~~~~~~~~~^^^^^^^^^
  File "C:\Users\poetry\virtualenvs\mailinglistmanagementservice-ZV7-JGul-py3.13\Lib\site-packages\django\template\loader_tags.py", line 56, in render
    result = self.nodelist.render(context)
  File "C:\Users\poetry\virtualenvs\mailinglistmanagementservice-ZV7-JGul-py3.13\Lib\site-packages\django\template\base.py", line 1016, in render
    return SafeString("".join([node.render_annotated(context) for node in self]))
                               ~~~~~~~~~~~~~~~~~~~~~^^^^^^^^^
  File "C:\Users\poetry\virtualenvs\mailinglistmanagementservice-ZV7-JGul-py3.13\Lib\site-packages\django\template\base.py", line 977, in render_annotated
    return self.render(context)
           ~~~~~~~~~~~^^^^^^^^^
  File "C:\Users\poetry\virtualenvs\mailinglistmanagementservice-ZV7-JGul-py3.13\Lib\site-packages\django\template\defaulttags.py", line 480, in render
    url = reverse(view_name, args=args, kwargs=kwargs, current_app=current_app)
  File "C:\Users\poetry\virtualenvs\mailinglistmanagementservice-ZV7-JGul-py3.13\Lib\site-packages\django\urls\base.py", line 98, in reverse
    resolved_url = resolver._reverse_with_prefix(view, prefix, *args, **kwargs)
  File "C:\Users\poetry\virtualenvs\mailinglistmanagementservice-ZV7-JGul-py3.13\Lib\site-packages\django\urls\resolvers.py", line 831, in _reverse_with_prefix
    raise NoReverseMatch(msg)
django.urls.exceptions.NoReverseMatch: Reverse for 'mailing' not found. 'mailing' is not a valid view function or pattern name.
ERROR 2025-12-02 03:18:53,196 log 131284 132324 Internal Server Error: /mailings/mailing/10/
Traceback (most recent call last):
  File "C:\Users\poetry\virtualenvs\mailinglistmanagementservice-ZV7-JGul-py3.13\Lib\site-packages\django\core\handlers\exception.py", line 55, in inner
    response = get_response(request)
  File "C:\Users\poetry\virtualenvs\mailinglistmanagementservice-ZV7-JGul-py3.13\Lib\site-packages\django\core\handlers\base.py", line 220, in _get_response
    response = response.render()
  File "C:\Users\poetry\virtualenvs\mailinglistmanagementservice-ZV7-JGul-py3.13\Lib\site-packages\django\template\response.py", line 114, in render
    self.content = self.rendered_content
                   ^^^^^^^^^^^^^^^^^^^^^
  File "C:\Users\poetry\virtualenvs\mailinglistmanagementservice-ZV7-JGul-py3.13\Lib\site-packages\django\template\response.py", line 92, in rendered_content
    return template.render(context, self._request)
           ~~~~~~~~~~~~~~~^^^^^^^^^^^^^^^^^^^^^^^^
  File "C:\Users\poetry\virtualenvs\mailinglistmanagementservice-ZV7-JGul-py3.13\Lib\site-packages\django\template\backends\django.py", line 107, in render
    return self.template.render(context)
           ~~~~~~~~~~~~~~~~~~~~^^^^^^^^^
  File "C:\Users\poetry\virtualenvs\mailinglistmanagementservice-ZV7-JGul-py3.13\Lib\site-packages\django\template\base.py", line 171, in render
    return self._render(context)
           ~~~~~~~~~~~~^^^^^^^^^
  File "C:\Users\poetry\virtualenvs\mailinglistmanagementservice-ZV7-JGul-py3.13\Lib\site-packages\django\template\base.py", line 163, in _render
    return self.nodelist.render(context)
           ~~~~~~~~~~~~~~~~~~~~^^^^^^^^^
  File "C:\Users\poetry\virtualenvs\mailinglistmanagementservice-ZV7-JGul-py3.13\Lib\site-packages\django\template\base.py", line 1016, in render
    return SafeString("".join([node.render_annotated(context) for node in self]))
                               ~~~~~~~~~~~~~~~~~~~~~^^^^^^^^^
  File "C:\Users\poetry\virtualenvs\mailinglistmanagementservice-ZV7-JGul-py3.13\Lib\site-packages\django\template\base.py", line 977, in render_annotated
    return self.render(context)
           ~~~~~~~~~~~^^^^^^^^^
  File "C:\Users\poetry\virtualenvs\mailinglistmanagementservice-ZV7-JGul-py3.13\Lib\site-packages\django\template\loader_tags.py", line 56, in render
    result = self.nodelist.render(context)
  File "C:\Users\poetry\virtualenvs\mailinglistmanagementservice-ZV7-JGul-py3.13\Lib\site-packages\django\template\base.py", line 1016, in render
    return SafeString("".join([node.render_annotated(context) for node in self]))
                               ~~~~~~~~~~~~~~~~~~~~~^^^^^^^^^
  File "C:\Users\poetry\virtualenvs\mailinglistmanagementservice-ZV7-JGul-py3.13\Lib\site-packages\django\template\base.py", line 977, in render_annotated
    return self.render(context)
           ~~~~~~~~~~~^^^^^^^^^
  File "C:\Users\poetry\virtualenvs\mailinglistmanagementservice-ZV7-JGul-py3.13\Lib\site-packages\django\template\defaulttags.py", line 480, in render
    url = reverse(view_name, args=args, kwargs=kwargs, current_app=current_app)
  File "C:\Users\poetry\virtualenvs\mailinglistmanagementservice-ZV7-JGul-py3.13\Lib\site-packages\django\urls\base.py", line 98, in reverse
    resolved_url = resolver._reverse_with_prefix(view, prefix, *args, **kwargs)
  File "C:\Users\poetry\virtualenvs\mailinglistmanagementservice-ZV7-JGul-py3.13\Lib\site-packages\django\urls\resolvers.py", line 831, in _reverse_with_prefix
    raise NoReverseMatch(msg)
django.urls.exceptions.NoReverseMatch: Reverse for 'mailing' not found. 'mailing' is not a valid view function or pattern name.
ERROR 2025-12-02 03:18:53,217 basehttp 131284 132324 "GET /mailings/mailing/10/ HTTP/1.1" 500 142438
ERROR 2025-12-02 03:18:53,217 basehttp 131284 132324 "GET /mailings/mailing/10/ HTTP/1.1" 500 142438
INFO 2025-12-02 03:19:36,310 basehttp 131284 128068 "GET /mailings/mailing/10/ HTTP/1.1" 200 2326
INFO 2025-12-02 03:19:36,310 basehttp 131284 128068 "GET /mailings/mailing/10/ HTTP/1.1" 200 2326
WARNING 2025-12-02 03:24:14,973 log 131284 128180 Not Found: /.well-known/appspecific/com.chrome.devtools.json
WARNING 2025-12-02 03:24:14,973 log 131284 128180 Not Found: /.well-known/appspecific/com.chrome.devtools.json
WARNING 2025-12-02 03:24:15,010 basehttp 131284 128180 "GET /.well-known/appspecific/com.chrome.devtools.json HTTP/1.1" 404 2620
WARNING 2025-12-02 03:24:15,010 basehttp 131284 128180 "GET /.well-known/appspecific/com.chrome.devtools.json HTTP/1.1" 404 2620
INFO 2025-12-02 03:25:09,199 basehttp 131284 95648 "GET /mailings/mailing/10/update/ HTTP/1.1" 200 2653
INFO 2025-12-02 03:25:09,199 basehttp 131284 95648 "GET /mailings/mailing/10/update/ HTTP/1.1" 200 2653
WARNING 2025-12-02 03:25:09,273 log 131284 95648 Not Found: /.well-known/appspecific/com.chrome.devtools.json
WARNING 2025-12-02 03:25:09,273 log 131284 95648 Not Found: /.well-known/appspecific/com.chrome.devtools.json
WARNING 2025-12-02 03:25:09,274 basehttp 131284 95648 "GET /.well-known/appspecific/com.chrome.devtools.json HTTP/1.1" 404 2620
WARNING 2025-12-02 03:25:09,274 basehttp 131284 95648 "GET /.well-known/appspecific/com.chrome.devtools.json HTTP/1.1" 404 2620
WARNING 2025-12-02 03:25:11,571 log 131284 95648 Not Found: /.well-known/appspecific/com.chrome.devtools.json
WARNING 2025-12-02 03:25:11,571 log 131284 95648 Not Found: /.well-known/appspecific/com.chrome.devtools.json
WARNING 2025-12-02 03:25:11,574 basehttp 131284 95648 "GET /.well-known/appspecific/com.chrome.devtools.json HTTP/1.1" 404 2620
WARNING 2025-12-02 03:25:11,574 basehttp 131284 95648 "GET /.well-known/appspecific/com.chrome.devtools.json HTTP/1.1" 404 2620
WARNING 2025-12-02 03:25:11,610 log 131284 95648 Not Found: /.well-known/appspecific/com.chrome.devtools.json
WARNING 2025-12-02 03:25:11,610 log 131284 95648 Not Found: /.well-known/appspecific/com.chrome.devtools.json
WARNING 2025-12-02 03:25:11,612 basehttp 131284 95648 "GET /.well-known/appspecific/com.chrome.devtools.json HTTP/1.1" 404 2620
WARNING 2025-12-02 03:25:11,612 basehttp 131284 95648 "GET /.well-known/appspecific/com.chrome.devtools.json HTTP/1.1" 404 2620
